Copyright 1986-2022 Xilinx, Inc. All Rights Reserved. Copyright 2022-2025 Advanced Micro Devices, Inc. All Rights Reserved.
---------------------------------------------------------------------------------------------------------------------------------------------
| Tool Version : Vivado v.2025.1 (win64) Build 6140274 Thu May 22 00:12:29 MDT 2025
| Date         : Mon May  4 12:08:23 2026
| Host         : INF-LOAN3-ALW running 64-bit major release  (build 9200)
| Command      : report_control_sets -verbose -file basys3_top_pipe_control_sets_placed.rpt
| Design       : basys3_top_pipe
| Device       : xc7a35t
---------------------------------------------------------------------------------------------------------------------------------------------

Control Set Information

Table of Contents
-----------------
1. Summary
2. Histogram
3. Flip-Flop Distribution
4. Detailed Control Set Information

1. Summary
----------

+----------------------------------------------------------+-------+
|                          Status                          | Count |
+----------------------------------------------------------+-------+
| Total control sets                                       |    88 |
|    Minimum number of control sets                        |    88 |
|    Addition due to synthesis replication                 |     0 |
|    Addition due to physical synthesis replication        |     0 |
| Unused register locations in slices containing registers |    28 |
+----------------------------------------------------------+-------+
* Control sets can be merged at opt_design using control_set_merge or merge_equivalent_drivers
** Run report_qor_suggestions for automated merging and remapping suggestions


2. Histogram
------------

+--------------------+-------+
|       Fanout       | Count |
+--------------------+-------+
| Total control sets |    88 |
| >= 0 to < 4        |     1 |
| >= 4 to < 6        |     3 |
| >= 6 to < 8        |     1 |
| >= 8 to < 10       |     0 |
| >= 10 to < 12      |     0 |
| >= 12 to < 14      |     0 |
| >= 14 to < 16      |     0 |
| >= 16              |    83 |
+--------------------+-------+
* Control sets can be remapped at either synth_design or opt_design


3. Flip-Flop Distribution
-------------------------

+--------------+-----------------------+------------------------+-----------------+--------------+
| Clock Enable | Synchronous Set/Reset | Asynchronous Set/Reset | Total Registers | Total Slices |
+--------------+-----------------------+------------------------+-----------------+--------------+
| No           | No                    | No                     |               6 |            4 |
| No           | No                    | Yes                    |             358 |          122 |
| No           | Yes                   | No                     |               0 |            0 |
| Yes          | No                    | No                     |               0 |            0 |
| Yes          | No                    | Yes                    |            2560 |          933 |
| Yes          | Yes                   | No                     |              48 |           11 |
+--------------+-----------------------+------------------------+-----------------+--------------+


4. Detailed Control Set Information
-----------------------------------

+----------------+----------------------------------------------+------------------------+------------------+----------------+--------------+
|  Clock Signal  |                 Enable Signal                |    Set/Reset Signal    | Slice Load Count | Bel Load Count | Bels / Slice |
+----------------+----------------------------------------------+------------------------+------------------+----------------+--------------+
|  clk_IBUF_BUFG |                                              |                        |                1 |              2 |         2.00 |
|  sys_clk       |                                              |                        |                3 |              4 |         1.33 |
|  sys_clk       | soc/dp/we_dmM_reg_reg_0[0]                   | rst_IBUF               |                1 |              4 |         4.00 |
|  sys_clk       | soc/fact/core/dp/mul_res_i_1_n_0             | rst_IBUF               |                2 |              4 |         2.00 |
|  sys_clk       | soc/fact/core/cu/FSM_onehot_state[6]_i_1_n_0 | rst_IBUF               |                2 |              7 |         3.50 |
|  sys_clk       | soc/dp/we_dmM_reg_reg_1[0]                   | rst_IBUF               |                3 |             16 |         5.33 |
|  sys_clk       | soc/fact/core/cu/Q[3]                        | soc/fact/core/cu/SR[0] |                3 |             17 |         5.67 |
|  sys_clk       | soc/dp/rf/rf[5][31]_i_1_n_0                  | rst_IBUF               |               11 |             32 |         2.91 |
|  sys_clk       | soc/dp/rf/rf[10][31]_i_1_n_0                 | rst_IBUF               |                9 |             32 |         3.56 |
|  sys_clk       | soc/dp/rf/rf[15][31]_i_1_n_0                 | rst_IBUF               |               13 |             32 |         2.46 |
|  sys_clk       | soc/dp/rf/rf[11][31]_i_1_n_0                 | rst_IBUF               |                7 |             32 |         4.57 |
|  sys_clk       | soc/dp/rf/rf[12][31]_i_1_n_0                 | rst_IBUF               |               12 |             32 |         2.67 |
|  sys_clk       | soc/dp/rf/rf[13][31]_i_1_n_0                 | rst_IBUF               |               12 |             32 |         2.67 |
|  sys_clk       | soc/dp/rf/rf[9][31]_i_1_n_0                  | rst_IBUF               |               20 |             32 |         1.60 |
|  sys_clk       | soc/dp/rf/rf[4][31]_i_1_n_0                  | rst_IBUF               |               16 |             32 |         2.00 |
|  sys_clk       | soc/dp/rf/rf[6][31]_i_1_n_0                  | rst_IBUF               |               12 |             32 |         2.67 |
|  sys_clk       | soc/dp/rf/rf[3][31]_i_1_n_0                  | rst_IBUF               |               12 |             32 |         2.67 |
|  sys_clk       | soc/dp/rf/rf[1][31]_i_1_n_0                  | rst_IBUF               |               15 |             32 |         2.13 |
|  sys_clk       | soc/dp/rf/rf[14][31]_i_1_n_0                 | rst_IBUF               |               12 |             32 |         2.67 |
|  sys_clk       | soc/dp/rf/rf[7][31]_i_1_n_0                  | rst_IBUF               |               13 |             32 |         2.46 |
|  sys_clk       | soc/dp/rf/rf[8][31]_i_1_n_0                  | rst_IBUF               |               18 |             32 |         1.78 |
|  sys_clk       | soc/dp/E[0]                                  | rst_IBUF               |                7 |             32 |         4.57 |
|  sys_clk       | soc/dp/alu_outM_reg[2]_rep_1[0]              | rst_IBUF               |                8 |             32 |         4.00 |
|  sys_clk       | soc/dp/alu_outM_reg[2]_rep_10[0]             | rst_IBUF               |                9 |             32 |         3.56 |
|  sys_clk       | soc/dp/alu_outM_reg[2]_rep_5[0]              | rst_IBUF               |               11 |             32 |         2.91 |
|  sys_clk       | soc/dp/alu_outM_reg[2]_rep_6[0]              | rst_IBUF               |               19 |             32 |         1.68 |
|  sys_clk       | soc/dp/alu_outM_reg[2]_rep_2[0]              | rst_IBUF               |               13 |             32 |         2.46 |
|  sys_clk       | soc/dp/alu_outM_reg[2]_rep_3[0]              | rst_IBUF               |               10 |             32 |         3.20 |
|  sys_clk       | soc/dp/alu_outM_reg[2]_rep_4[0]              | rst_IBUF               |               11 |             32 |         2.91 |
|  sys_clk       | soc/dp/alu_outM_reg[2]_rep_7[0]              | rst_IBUF               |                5 |             32 |         6.40 |
|  sys_clk       | soc/dp/alu_outM_reg[5]_2[0]                  | rst_IBUF               |                9 |             32 |         3.56 |
|  sys_clk       | soc/dp/alu_outM_reg[5]_6[0]                  | rst_IBUF               |                9 |             32 |         3.56 |
|  sys_clk       | soc/dp/alu_outM_reg[7]_10[0]                 | rst_IBUF               |               12 |             32 |         2.67 |
|  sys_clk       | soc/dp/alu_outM_reg[7]_14[0]                 | rst_IBUF               |               13 |             32 |         2.46 |
|  sys_clk       | soc/dp/alu_outM_reg[7]_6[0]                  | rst_IBUF               |                8 |             32 |         4.00 |
|  sys_clk       | soc/dp/alu_outM_reg[6]_1[0]                  | rst_IBUF               |               13 |             32 |         2.46 |
|  sys_clk       | soc/dp/alu_outM_reg[7]_4[0]                  | rst_IBUF               |                8 |             32 |         4.00 |
|  sys_clk       | soc/dp/alu_outM_reg[6]_0[0]                  | rst_IBUF               |                5 |             32 |         6.40 |
|  sys_clk       | soc/dp/alu_outM_reg[4]_rep__1_11[0]          | rst_IBUF               |               24 |             32 |         1.33 |
|  sys_clk       | soc/dp/alu_outM_reg[4]_rep__1_7[0]           | rst_IBUF               |               10 |             32 |         3.20 |
|  sys_clk       | soc/dp/alu_outM_reg[5]_0[0]                  | rst_IBUF               |                7 |             32 |         4.57 |
|  sys_clk       | soc/dp/alu_outM_reg[4]_0[0]                  | rst_IBUF               |                9 |             32 |         3.56 |
|  sys_clk       | soc/dp/alu_outM_reg[4]_rep__1_18[0]          | rst_IBUF               |               17 |             32 |         1.88 |
|  sys_clk       | soc/dp/alu_outM_reg[6]_3[0]                  | rst_IBUF               |               13 |             32 |         2.46 |
|  sys_clk       | soc/dp/alu_outM_reg[3]_rep_2[0]              | rst_IBUF               |                7 |             32 |         4.57 |
|  sys_clk       | soc/dp/alu_outM_reg[4]_rep__1_19[0]          | rst_IBUF               |               18 |             32 |         1.78 |
|  sys_clk       | soc/dp/alu_outM_reg[7]_0[0]                  | rst_IBUF               |               15 |             32 |         2.13 |
|  sys_clk       | soc/dp/alu_outM_reg[7]_11[0]                 | rst_IBUF               |               13 |             32 |         2.46 |
|  sys_clk       | soc/dp/alu_outM_reg[7]_3[0]                  | rst_IBUF               |                6 |             32 |         5.33 |
|  sys_clk       | soc/dp/alu_outM_reg[4]_rep__1_3[0]           | rst_IBUF               |               14 |             32 |         2.29 |
|  sys_clk       | soc/dp/alu_outM_reg[4]_rep__1_12[0]          | rst_IBUF               |                5 |             32 |         6.40 |
|  sys_clk       | soc/dp/alu_outM_reg[4]_rep__1_5[0]           | rst_IBUF               |                9 |             32 |         3.56 |
|  sys_clk       | soc/dp/alu_outM_reg[4]_rep__1_6[0]           | rst_IBUF               |                8 |             32 |         4.00 |
|  sys_clk       | soc/dp/alu_outM_reg[4]_rep__1_4[0]           | rst_IBUF               |               24 |             32 |         1.33 |
|  sys_clk       | soc/dp/alu_outM_reg[4]_rep__1_8[0]           | rst_IBUF               |               13 |             32 |         2.46 |
|  sys_clk       | soc/dp/alu_outM_reg[4]_rep__1_9[0]           | rst_IBUF               |                9 |             32 |         3.56 |
|  sys_clk       | soc/dp/alu_outM_reg[7]_7[0]                  | rst_IBUF               |                9 |             32 |         3.56 |
|  sys_clk       | soc/dp/alu_outM_reg[4]_rep__1_14[0]          | rst_IBUF               |               12 |             32 |         2.67 |
|  sys_clk       | soc/dp/alu_outM_reg[7]_8[0]                  | rst_IBUF               |               11 |             32 |         2.91 |
|  sys_clk       | soc/dp/alu_outM_reg[4]_rep__1_13[0]          | rst_IBUF               |                5 |             32 |         6.40 |
|  sys_clk       | soc/dp/alu_outM_reg[6]_2[0]                  | rst_IBUF               |               17 |             32 |         1.88 |
|  sys_clk       | soc/dp/alu_outM_reg[7]_9[0]                  | rst_IBUF               |               12 |             32 |         2.67 |
|  sys_clk       | soc/dp/alu_outM_reg[4]_rep__1_20[0]          | rst_IBUF               |               31 |             32 |         1.03 |
|  sys_clk       | soc/dp/alu_outM_reg[4]_rep__1_17[0]          | rst_IBUF               |                8 |             32 |         4.00 |
|  sys_clk       | soc/dp/alu_outM_reg[4]_1[0]                  | rst_IBUF               |               10 |             32 |         3.20 |
|  sys_clk       | soc/dp/alu_outM_reg[4]_rep__1_16[0]          | rst_IBUF               |               26 |             32 |         1.23 |
|  sys_clk       | soc/dp/alu_outM_reg[7]_13[0]                 | rst_IBUF               |                9 |             32 |         3.56 |
|  sys_clk       | soc/dp/alu_outM_reg[5]_3[0]                  | rst_IBUF               |               10 |             32 |         3.20 |
|  sys_clk       | soc/dp/alu_outM_reg[5]_4[0]                  | rst_IBUF               |               19 |             32 |         1.68 |
|  sys_clk       | soc/dp/alu_outM_reg[4]_rep__1_1[0]           | rst_IBUF               |                9 |             32 |         3.56 |
|  sys_clk       | soc/dp/alu_outM_reg[7]_12[0]                 | rst_IBUF               |               14 |             32 |         2.29 |
|  sys_clk       | soc/dp/alu_outM_reg[4]_rep__1_2[0]           | rst_IBUF               |               11 |             32 |         2.91 |
|  sys_clk       | soc/dp/alu_outM_reg[5]_7[0]                  | rst_IBUF               |               13 |             32 |         2.46 |
|  sys_clk       | soc/dp/alu_outM_reg[6]_4[0]                  | rst_IBUF               |               13 |             32 |         2.46 |
|  sys_clk       | soc/dp/alu_outM_reg[7]_5[0]                  | rst_IBUF               |                7 |             32 |         4.57 |
|  sys_clk       | soc/dp/alu_outM_reg[4]_rep__1_10[0]          | rst_IBUF               |               10 |             32 |         3.20 |
|  sys_clk       | soc/dp/alu_outM_reg[7]_2[0]                  | rst_IBUF               |                5 |             32 |         6.40 |
|  sys_clk       | soc/dp/alu_outM_reg[2]_rep_8[0]              | rst_IBUF               |                9 |             32 |         3.56 |
|  sys_clk       | soc/dp/alu_outM_reg[3]_rep_1[0]              | rst_IBUF               |               10 |             32 |         3.20 |
|  sys_clk       | soc/dp/alu_outM_reg[7]_1[0]                  | rst_IBUF               |                5 |             32 |         6.40 |
|  sys_clk       | soc/dp/alu_outM_reg[2]_rep_9[0]              | rst_IBUF               |               15 |             32 |         2.13 |
|  sys_clk       | soc/dp/alu_outM_reg[4]_rep__1_15[0]          | rst_IBUF               |               13 |             32 |         2.46 |
|  sys_clk       | soc/dp/alu_outM_reg[5]_5[0]                  | rst_IBUF               |                6 |             32 |         5.33 |
|  sys_clk       | soc/dp/alu_outM_reg[3]_rep_3[0]              | rst_IBUF               |               11 |             32 |         2.91 |
|  sys_clk       | soc/dp/alu_outM_reg[5]_1[0]                  | rst_IBUF               |                8 |             32 |         4.00 |
|  sys_clk       | soc/dp/rf/rf[2][31]_i_1_n_0                  | rst_IBUF               |               13 |             32 |         2.46 |
|  sys_clk       | soc/dp/instrD[29]_i_1_n_0                    | rst_IBUF               |                9 |             32 |         3.56 |
|  sys_clk       |                                              | rst_IBUF               |              122 |            358 |         2.93 |
+----------------+----------------------------------------------+------------------------+------------------+----------------+--------------+


