#-----------------------------------------------------------
# Vivado v2025.1 (64-bit)
# SW Build 6140274 on Thu May 22 00:12:29 MDT 2025
# IP Build 6138677 on Thu May 22 03:10:11 MDT 2025
# SharedData Build 6139179 on Tue May 20 17:58:58 MDT 2025
# Start of session at: Mon May  4 11:01:27 2026
# Process ID         : 27888
# Current directory  : C:/Users/iSchool Admin/Documents/factorial_vivado_project/vivado/Lab7/Lab7.runs/impl_1
# Command line       : vivado.exe -log basys3_top_pipe.vdi -applog -product Vivado -messageDb vivado.pb -mode batch -source basys3_top_pipe.tcl -notrace
# Log file           : C:/Users/iSchool Admin/Documents/factorial_vivado_project/vivado/Lab7/Lab7.runs/impl_1/basys3_top_pipe.vdi
# Journal file       : C:/Users/iSchool Admin/Documents/factorial_vivado_project/vivado/Lab7/Lab7.runs/impl_1\vivado.jou
# Running On         : INF-LOAN3-ALW
# Platform           : Windows Server 2016 or Windows 10
# Operating System   : 26200
# Processor Detail   : Intel(R) Core(TM) i7-8750H CPU @ 2.20GHz
# CPU Frequency      : 2208 MHz
# CPU Physical cores : 6
# CPU Logical cores  : 12
# Host memory        : 34141 MB
# Swap memory        : 8377 MB
# Total Virtual      : 42519 MB
# Available Virtual  : 4205 MB
#-----------------------------------------------------------
source basys3_top_pipe.tcl -notrace
