#-----------------------------------------------------------
# xsim v2025.1 (64-bit)
# SW Build 6140274 on Thu May 22 00:12:29 MDT 2025
# IP Build 6138677 on Thu May 22 03:10:11 MDT 2025
# SharedData Build 6139179 on Tue May 20 17:58:58 MDT 2025
# Start of session at: Mon Apr 20 11:34:40 2026
# Process ID         : 23720
# Current directory  : C:/Users/iSchool Admin/Documents/factorial_vivado_project/vivado/Lab7/Lab7.srcs/sources_1/new/pipe
# Command line       : xsim.exe -mode tcl -source {xsim.dir/tb_mips_pipe_snap/xsim_script.tcl}
# Log file           : C:/Users/iSchool Admin/Documents/factorial_vivado_project/vivado/Lab7/Lab7.srcs/sources_1/new/pipe/xsim.log
# Journal file       : C:/Users/iSchool Admin/Documents/factorial_vivado_project/vivado/Lab7/Lab7.srcs/sources_1/new/pipe\xsim.jou
# Running On         : INF-LOAN3-ALW
# Platform           : Windows Server 2016 or Windows 10
# Operating System   : 26200
# Processor Detail   : Intel(R) Core(TM) i7-8750H CPU @ 2.20GHz
# CPU Frequency      : 2208 MHz
# CPU Physical cores : 6
# CPU Logical cores  : 12
# Host memory        : 34141 MB
# Swap memory        : 2147 MB
# Total Virtual      : 36288 MB
# Available Virtual  : 9925 MB
#-----------------------------------------------------------
source xsim.dir/tb_mips_pipe_snap/xsim_script.tcl
source run.tcl
